<testsuites name="jest tests" tests="1" failures="0" time="1.074">
  <testsuite name="undefined" errors="0" failures="0" skipped="0" timestamp="2019-08-12T15:20:09" time="1.074" tests="1">
    <testcase classname=" renders without crashing" name=" renders without crashing" time="0.026">
    </testcase>
  </testsuite>
</testsuites>